[0;34m[INFO][0m Build completed at Sat Sep 26 05:35:50 UTC 2026
[0;34m[DEBUG][0m Size budget for 'arm': ROM=65536B RAM=65536B warn@%
[0;34m[DEBUG][0m Size budget for 'arm': ROM=65536B RAM=65536B warn@%
[0;32m[SUCCESS][0m Size budget OK for arm: ROM 0/65536B, RAM 0/65536B
[0;34m[DEBUG][0m Size budget for 'riscv': ROM=65536B RAM=65536B warn@%
[0;34m[DEBUG][0m Size budget for 'riscv': ROM=65536B RAM=65536B warn@%
[0;32m[SUCCESS][0m Size budget OK for riscv: ROM 0/65536B, RAM 0/65536B
[0;34m[INFO][0m Build completed at Sat Sep 26 05:55:05 UTC 2026
[0;32m[SUCCESS][0m Size budget OK for arm: ROM 0/65536B, RAM 0/65536B
[0;32m[SUCCESS][0m Size budget OK for riscv: ROM 0/65536B, RAM 0/65536B
[0;34m[INFO][0m Build completed at Sat Sep 26 05:55:19 UTC 2026
[0;32m[SUCCESS][0m Size budget OK for arm: ROM 0/65536B, RAM 0/65536B
[0;32m[SUCCESS][0m Size budget OK for riscv: ROM 0/65536B, RAM 0/65536B
[0;34m[INFO][0m Build completed at Sat Sep 26 05:55:38 UTC 2026
[0;32m[SUCCESS][0m Size budget OK for arm: ROM 0/65536B, RAM 0/65536B
[0;32m[SUCCESS][0m Size budget OK for riscv: ROM 0/65536B, RAM 0/65536B
[0;34m[INFO][0m Build completed at Sat Sep 26 05:56:05 UTC 2026
[0;32m[SUCCESS][0m Size budget OK for arm: ROM 15168/65536B, RAM 7528/65536B
[0;32m[SUCCESS][0m Size budget OK for riscv: ROM 16294/65536B, RAM 9580/65536B
[0;34m[INFO][0m Build completed at Sat Sep 26 05:56:24 UTC 2026
[0;34m[INFO][0m Build completed at Sat Sep 26 05:56:30 UTC 2026
[0;32m[SUCCESS][0m Size budget OK for arm: ROM 15168/65536B, RAM 7528/65536B
[0;34m[INFO][0m Build completed at Sat Sep 26 05:56:34 UTC 2026
[0;34m[INFO][0m Build completed at Sat Sep 26 05:56:38 UTC 2026
[0;32m[SUCCESS][0m Size budget OK for arm: ROM 15168/65536B, RAM 7528/65536B
[0;32m[SUCCESS][0m Size budget OK for riscv: ROM 16294/65536B, RAM 9580/65536B
[0;34m[INFO][0m Build completed at Sat Sep 26 05:57:18 UTC 2026
=== karatOS Build Log - Sat Sep 26 05:57:18 UTC 2026 ===
Command: ./build.sh 

[0;34m[INFO][0m Build completed at Sat Sep 26 05:57:18 UTC 2026
[0;34m[INFO][0m Build completed at Sat Sep 26 06:10:23 UTC 2026
